Tree:
 50
 /
10
 \
 45
 /
15
 \
 40
 /
20
 \
 35
 /
25
 \
 30

#nodes = 9,  #leaves = 1
Infix  : 10 15 20 25 30 35 40 45 50 
Prefix : 50 10 45 15 40 20 35 25 30 
Postfix: 30 25 35 20 40 15 45 10 50 
ByLevel: 50 10 45 15 40 20 35 25 30 
