list1: 1, 4, 6
list2: 2, 8, 10, 15
answer List: 1, 2, 4, 6, 8, 10, 15
