list1: 
list2: 7, 9, 14, 55, 82
answer List: 7, 9, 14, 55, 82
