list1: 3, 7, 10, 13, 24
list2: 2, 5, 8, 70
answer List: 2, 3, 5, 7, 8, 10, 13, 24, 70
